CONFIGURING high-720p 7 cameras
high-720p {"frame": 7738, "ram": 54.86811065673828, "vram": [8444.0, 10246.0, 9083.0, 10381.0], "gpu": [44.0, 59.0, 35.0, 42.0]}
high-720p {"frame": 7815, "ram": 54.76897430419922, "vram": [8313.0, 9340.0, 8899.0, 9505.0], "gpu": [43.0, 59.0, 36.0, 41.0]}
high-720p {"frame": 7890, "ram": 54.72336196899414, "vram": [8251.0, 9315.0, 8864.0, 9485.0], "gpu": [43.0, 57.0, 36.0, 41.0]}
high-720p {"frame": 7967, "ram": 54.72311782836914, "vram": [8250.0, 9318.0, 8864.0, 9485.0], "gpu": [44.0, 57.0, 36.0, 36.0]}
high-720p {"frame": 8042, "ram": 54.703529357910156, "vram": [8251.0, 9316.0, 8864.0, 9485.0], "gpu": [39.0, 55.0, 31.0, 41.0]}
COMPLETE high-720p 344
CONFIGURING epic-720p 7 cameras
epic-720p {"frame": 8184, "ram": 54.78338623046875, "vram": [8881.0, 9741.0, 9198.0, 9752.0], "gpu": [42.0, 52.0, 37.0, 36.0]}
epic-720p {"frame": 8259, "ram": 54.75754928588867, "vram": [8686.0, 9444.0, 8908.0, 9371.0], "gpu": [45.0, 57.0, 38.0, 40.0]}
epic-720p {"frame": 8334, "ram": 54.7620849609375, "vram": [8406.0, 9432.0, 8904.0, 9366.0], "gpu": [44.0, 56.0, 38.0, 35.0]}
epic-720p {"frame": 8409, "ram": 54.75876235961914, "vram": [8406.0, 9432.0, 8904.0, 9366.0], "gpu": [40.0, 55.0, 36.0, 41.0]}
epic-720p {"frame": 8483, "ram": 54.74912643432617, "vram": [8405.0, 9432.0, 8904.0, 9366.0], "gpu": [46.0, 54.0, 32.0, 41.0]}
COMPLETE epic-720p 340
CONFIGURING high-1080p 7 cameras
high-1080p {"frame": 8622, "ram": 55.09159469604492, "vram": [9184.0, 10392.0, 10080.0, 10400.0], "gpu": [50.0, 56.0, 42.0, 33.0]}
high-1080p {"frame": 8691, "ram": 55.00147247314453, "vram": [8993.0, 10128.0, 9791.0, 10203.0], "gpu": [43.0, 51.0, 43.0, 28.0]}
high-1080p {"frame": 8767, "ram": 55.01642608642578, "vram": [8745.0, 10057.0, 9731.0, 10175.0], "gpu": [49.0, 62.0, 43.0, 29.0]}
COMPLETE high-1080p 227
CONFIGURING epic-1080p 7 cameras
epic-1080p {"frame": 8953, "ram": 54.99873352050781, "vram": [9197.0, 10330.0, 9990.0, 10447.0], "gpu": [44.0, 38.0, 38.0, 44.0]}
epic-1080p {"frame": 9039, "ram": 54.986087799072266, "vram": [8801.0, 10018.0, 9605.0, 10134.0], "gpu": [49.0, 46.0, 35.0, 55.0]}
epic-1080p {"frame": 9110, "ram": 54.98941421508789, "vram": [8794.0, 10016.0, 9605.0, 10132.0], "gpu": [46.0, 42.0, 45.0, 55.0]}
epic-1080p {"frame": 9182, "ram": 54.992591857910156, "vram": [8786.0, 10016.0, 9605.0, 10132.0], "gpu": [49.0, 42.0, 41.0, 59.0]}
COMPLETE epic-1080p 238
RESTORING ORIGINAL
SAVED_SCENE_RESTORED {"frame": 307, "actors": ["25", "26", "27", "28", "29", "30", "31", "32", "33", "34", "35", "36", "37", "38", "39", "40", "41", "42", "43", "44", "45", "46", "47", "48", "49", "50", "51", "52", "53", "54", "55"], "sensors": 6, "workers": 4}
RESTORED
