SETTING 2010 r.RayTracing.ExternalQueryBounds 1
SETTING 2010 sg.ViewDistanceQuality 3
SETTING 2010 sg.AntiAliasingQuality 3
SETTING 2010 sg.ShadowQuality 3
SETTING 2010 sg.GlobalIlluminationQuality 3
SETTING 2010 sg.ReflectionQuality 3
SETTING 2010 sg.PostProcessQuality 3
SETTING 2010 sg.TextureQuality 3
SETTING 2010 sg.EffectsQuality 3
SETTING 2010 sg.FoliageQuality 3
SETTING 2010 sg.ShadingQuality 3
SETTING 2010 sg.LandscapeQuality 3
SETTING 2010 r.ScreenPercentage 100
SETTING 2010 r.ViewDistanceScale 1
SETTING 2010 r.SkeletalMeshLODBias 0
SETTING 2010 r.MaxAnisotropy 8
SETTING 2010 r.VT.MaxAnisotropy 8
SETTING 2010 r.Lumen.Reflections.DownsampleFactor 1
SETTING 2010 r.Lumen.Reflections.MaxBounces 2
SETTING 2010 r.Streaming.PoolSize 4000
SETTING 2010 r.Shadow.Virtual.MaxPhysicalPages 8192
SETTING 2010 r.RayTracing.ForceAllRayTracingEffects 0
SETTING 2010 carla.Camera.UseRayTracing -1
SETTING 2020 r.RayTracing.ExternalQueryBounds 1
SETTING 2020 sg.ViewDistanceQuality 3
SETTING 2020 sg.AntiAliasingQuality 3
SETTING 2020 sg.ShadowQuality 3
SETTING 2020 sg.GlobalIlluminationQuality 3
SETTING 2020 sg.ReflectionQuality 3
SETTING 2020 sg.PostProcessQuality 3
SETTING 2020 sg.TextureQuality 3
SETTING 2020 sg.EffectsQuality 3
SETTING 2020 sg.FoliageQuality 3
SETTING 2020 sg.ShadingQuality 3
SETTING 2020 sg.LandscapeQuality 3
SETTING 2020 r.ScreenPercentage 100
SETTING 2020 r.ViewDistanceScale 1
SETTING 2020 r.SkeletalMeshLODBias 0
SETTING 2020 r.MaxAnisotropy 8
SETTING 2020 r.VT.MaxAnisotropy 8
SETTING 2020 r.Lumen.Reflections.DownsampleFactor 1
SETTING 2020 r.Lumen.Reflections.MaxBounces 2
SETTING 2020 r.Streaming.PoolSize 4000
SETTING 2020 r.Shadow.Virtual.MaxPhysicalPages 8192
SETTING 2020 r.RayTracing.ForceAllRayTracingEffects 0
SETTING 2020 carla.Camera.UseRayTracing -1
SETTING 2030 r.RayTracing.ExternalQueryBounds 1
SETTING 2030 sg.ViewDistanceQuality 3
SETTING 2030 sg.AntiAliasingQuality 3
SETTING 2030 sg.ShadowQuality 3
SETTING 2030 sg.GlobalIlluminationQuality 3
SETTING 2030 sg.ReflectionQuality 3
SETTING 2030 sg.PostProcessQuality 3
SETTING 2030 sg.TextureQuality 3
SETTING 2030 sg.EffectsQuality 3
SETTING 2030 sg.FoliageQuality 3
SETTING 2030 sg.ShadingQuality 3
SETTING 2030 sg.LandscapeQuality 3
SETTING 2030 r.ScreenPercentage 100
SETTING 2030 r.ViewDistanceScale 1
SETTING 2030 r.SkeletalMeshLODBias 0
SETTING 2030 r.MaxAnisotropy 8
SETTING 2030 r.VT.MaxAnisotropy 8
SETTING 2030 r.Lumen.Reflections.DownsampleFactor 1
SETTING 2030 r.Lumen.Reflections.MaxBounces 2
SETTING 2030 r.Streaming.PoolSize 4000
SETTING 2030 r.Shadow.Virtual.MaxPhysicalPages 8192
SETTING 2030 r.RayTracing.ForceAllRayTracingEffects 0
SETTING 2030 carla.Camera.UseRayTracing -1
SETTING 2040 r.RayTracing.ExternalQueryBounds 1
SETTING 2040 sg.ViewDistanceQuality 3
SETTING 2040 sg.AntiAliasingQuality 3
SETTING 2040 sg.ShadowQuality 3
SETTING 2040 sg.GlobalIlluminationQuality 3
SETTING 2040 sg.ReflectionQuality 3
SETTING 2040 sg.PostProcessQuality 3
SETTING 2040 sg.TextureQuality 3
SETTING 2040 sg.EffectsQuality 3
SETTING 2040 sg.FoliageQuality 3
SETTING 2040 sg.ShadingQuality 3
SETTING 2040 sg.LandscapeQuality 3
SETTING 2040 r.ScreenPercentage 100
SETTING 2040 r.ViewDistanceScale 1
SETTING 2040 r.SkeletalMeshLODBias 0
SETTING 2040 r.MaxAnisotropy 8
SETTING 2040 r.VT.MaxAnisotropy 8
SETTING 2040 r.Lumen.Reflections.DownsampleFactor 1
SETTING 2040 r.Lumen.Reflections.MaxBounces 2
SETTING 2040 r.Streaming.PoolSize 4000
SETTING 2040 r.Shadow.Virtual.MaxPhysicalPages 8192
SETTING 2040 r.RayTracing.ForceAllRayTracingEffects 0
SETTING 2040 carla.Camera.UseRayTracing -1
epic-720p {"frame": 447, "ram": 54.99260330200195, "vram": [8213.0, 7788.0, 6796.0, 6669.0], "gpu": [51.0, 28.0, 23.0, 24.0]}
epic-720p {"frame": 539, "ram": 54.9603157043457, "vram": [8176.0, 7746.0, 5763.0, 5765.0], "gpu": [48.0, 32.0, 23.0, 36.0]}
epic-720p {"frame": 630, "ram": 54.906192779541016, "vram": [8160.0, 7719.0, 5749.0, 5746.0], "gpu": [51.0, 31.0, 29.0, 30.0]}
epic-720p {"frame": 721, "ram": 54.79998779296875, "vram": [8148.0, 7719.0, 5749.0, 5745.0], "gpu": [47.0, 36.0, 18.0, 30.0]}
epic-720p {"frame": 815, "ram": 54.77228927612305, "vram": [8152.0, 7719.0, 5748.0, 5744.0], "gpu": [47.0, 26.0, 17.0, 28.0]}
epic-720p {"frame": 910, "ram": 54.69961929321289, "vram": [8157.0, 7719.0, 5748.0, 5744.0], "gpu": [52.0, 26.0, 28.0, 28.0]}
COMPLETE epic-720p 520
epic-1080p {"frame": 1039, "ram": 54.912933349609375, "vram": [6191.0, 5771.0, 8454.0, 8440.0], "gpu": [17.0, 39.0, 41.0, 39.0]}
epic-1080p {"frame": 1124, "ram": 54.86750793457031, "vram": [5887.0, 5459.0, 8396.0, 8378.0], "gpu": [16.0, 38.0, 41.0, 39.0]}
epic-1080p {"frame": 1212, "ram": 54.82719802856445, "vram": [5885.0, 5444.0, 8385.0, 8368.0], "gpu": [14.0, 39.0, 43.0, 39.0]}
epic-1080p {"frame": 1300, "ram": 54.80530548095703, "vram": [5906.0, 5444.0, 8385.0, 8368.0], "gpu": [14.0, 39.0, 43.0, 39.0]}
epic-1080p {"frame": 1388, "ram": 54.79813003540039, "vram": [5877.0, 5445.0, 8385.0, 8368.0], "gpu": [16.0, 39.0, 41.0, 32.0]}
COMPLETE epic-1080p 418
RESTORING original scene and quality
Traceback (most recent call last):
  File "/mnt/simulations/control-center/scripts/restore_saved_scene.py", line 13, in <module>
    if s.get('phase')=='error':raise RuntimeError(s.get('error'))
RuntimeError: Sensor 57 did not deliver frame 274
Traceback (most recent call last):
  File "/mnt/simulations/control-center/data/quality-benchmark/run.py", line 73, in <module>
    subprocess.run([str(ROOT/'.venv/bin/python'),str(ROOT/'scripts/restore_saved_scene.py'),str(OUT/'original.json')],cwd=ROOT,check=True)
  File "/usr/lib/python3.10/subprocess.py", line 526, in run
    raise CalledProcessError(retcode, process.args,
subprocess.CalledProcessError: Command '['/mnt/simulations/control-center/.venv/bin/python', '/mnt/simulations/control-center/scripts/restore_saved_scene.py', '/mnt/simulations/control-center/data/quality-benchmark/original.json']' returned non-zero exit status 1.
