SETTING 2010 r.RayTracing.ExternalQueryBounds 0
SETTING 2010 sg.ViewDistanceQuality 4
SETTING 2010 sg.AntiAliasingQuality 4
SETTING 2010 sg.ShadowQuality 4
SETTING 2010 sg.GlobalIlluminationQuality 4
SETTING 2010 sg.ReflectionQuality 4
SETTING 2010 sg.PostProcessQuality 4
SETTING 2010 sg.TextureQuality 4
SETTING 2010 sg.EffectsQuality 4
SETTING 2010 sg.FoliageQuality 4
SETTING 2010 sg.ShadingQuality 4
SETTING 2010 sg.LandscapeQuality 4
SETTING 2010 r.ScreenPercentage 100
SETTING 2010 r.ViewDistanceScale 10
SETTING 2010 r.SkeletalMeshLODBias 0
SETTING 2010 r.MaxAnisotropy 16
SETTING 2010 r.VT.MaxAnisotropy 16
SETTING 2010 r.Lumen.Reflections.DownsampleFactor 1
SETTING 2010 r.Lumen.Reflections.MaxBounces 2
SETTING 2010 r.Streaming.PoolSize 4000
SETTING 2010 r.Shadow.Virtual.MaxPhysicalPages 16384
SETTING 2010 r.RayTracing.ForceAllRayTracingEffects 1
SETTING 2010 carla.Camera.UseRayTracing 1
SETTING 2020 r.RayTracing.ExternalQueryBounds 0
SETTING 2020 sg.ViewDistanceQuality 4
SETTING 2020 sg.AntiAliasingQuality 4
SETTING 2020 sg.ShadowQuality 4
SETTING 2020 sg.GlobalIlluminationQuality 4
SETTING 2020 sg.ReflectionQuality 4
SETTING 2020 sg.PostProcessQuality 4
SETTING 2020 sg.TextureQuality 4
SETTING 2020 sg.EffectsQuality 4
SETTING 2020 sg.FoliageQuality 4
SETTING 2020 sg.ShadingQuality 4
SETTING 2020 sg.LandscapeQuality 4
SETTING 2020 r.ScreenPercentage 100
SETTING 2020 r.ViewDistanceScale 10
SETTING 2020 r.SkeletalMeshLODBias 0
SETTING 2020 r.MaxAnisotropy 16
SETTING 2020 r.VT.MaxAnisotropy 16
SETTING 2020 r.Lumen.Reflections.DownsampleFactor 1
SETTING 2020 r.Lumen.Reflections.MaxBounces 2
SETTING 2020 r.Streaming.PoolSize 4000
SETTING 2020 r.Shadow.Virtual.MaxPhysicalPages 16384
SETTING 2020 r.RayTracing.ForceAllRayTracingEffects 1
SETTING 2020 carla.Camera.UseRayTracing 1
SETTING 2030 r.RayTracing.ExternalQueryBounds 0
SETTING 2030 sg.ViewDistanceQuality 4
SETTING 2030 sg.AntiAliasingQuality 4
SETTING 2030 sg.ShadowQuality 4
SETTING 2030 sg.GlobalIlluminationQuality 4
SETTING 2030 sg.ReflectionQuality 4
SETTING 2030 sg.PostProcessQuality 4
SETTING 2030 sg.TextureQuality 4
SETTING 2030 sg.EffectsQuality 4
SETTING 2030 sg.FoliageQuality 4
SETTING 2030 sg.ShadingQuality 4
SETTING 2030 sg.LandscapeQuality 4
SETTING 2030 r.ScreenPercentage 100
SETTING 2030 r.ViewDistanceScale 10
SETTING 2030 r.SkeletalMeshLODBias 0
SETTING 2030 r.MaxAnisotropy 16
SETTING 2030 r.VT.MaxAnisotropy 16
SETTING 2030 r.Lumen.Reflections.DownsampleFactor 1
SETTING 2030 r.Lumen.Reflections.MaxBounces 2
SETTING 2030 r.Streaming.PoolSize 4000
SETTING 2030 r.Shadow.Virtual.MaxPhysicalPages 16384
SETTING 2030 r.RayTracing.ForceAllRayTracingEffects 1
SETTING 2030 carla.Camera.UseRayTracing 1
SETTING 2040 r.RayTracing.ExternalQueryBounds 0
SETTING 2040 sg.ViewDistanceQuality 4
SETTING 2040 sg.AntiAliasingQuality 4
SETTING 2040 sg.ShadowQuality 4
SETTING 2040 sg.GlobalIlluminationQuality 4
SETTING 2040 sg.ReflectionQuality 4
SETTING 2040 sg.PostProcessQuality 4
SETTING 2040 sg.TextureQuality 4
SETTING 2040 sg.EffectsQuality 4
SETTING 2040 sg.FoliageQuality 4
SETTING 2040 sg.ShadingQuality 4
SETTING 2040 sg.LandscapeQuality 4
SETTING 2040 r.ScreenPercentage 100
SETTING 2040 r.ViewDistanceScale 10
SETTING 2040 r.SkeletalMeshLODBias 0
SETTING 2040 r.MaxAnisotropy 16
SETTING 2040 r.VT.MaxAnisotropy 16
SETTING 2040 r.Lumen.Reflections.DownsampleFactor 1
SETTING 2040 r.Lumen.Reflections.MaxBounces 2
SETTING 2040 r.Streaming.PoolSize 4000
SETTING 2040 r.Shadow.Virtual.MaxPhysicalPages 16384
SETTING 2040 r.RayTracing.ForceAllRayTracingEffects 1
SETTING 2040 carla.Camera.UseRayTracing 1
BENCHMARK FAILURE HTTPStatusError("Client error '409 Conflict' for url 'http://127.0.0.1:8095/api/command/sensors'\nFor more information check: https://developer.mozilla.org/en-US/docs/Web/HTTP/Status/409")
RESTORING original scene and quality
SAVED_SCENE_RESTORED {"frame": 338, "actors": ["25", "26", "27", "28", "29", "30", "31", "32", "33", "34", "35", "36", "37", "38", "39", "40", "41", "42", "43", "44", "45", "46", "47", "48", "49", "50", "51", "52", "53", "54", "55"], "sensors": 6, "workers": 4}
RESTORED
