Setting up bundled DotNet SDK
Running command : dotnet Engine/Binaries/DotNET/UnrealBuildTool/UnrealBuildTool.dll CarlaUnrealEditor Linux Development -project=/mnt/simulations/carla/Unreal/CarlaUnreal/CarlaUnreal.uproject -Module=Carla -WaitMutex -MaxParallelActions=8
Log file: /mnt/simulations/UnrealEngine5_carla/Engine/Programs/UnrealBuildTool/Log.txt
Using 'git status' to determine working set for adaptive non-unity build (/mnt/simulations/UnrealEngine5_carla).
Building CarlaUnrealEditor...
[Adaptive Build] Excluded from Renderer unity file: DeferredShadingRenderer.cpp, SceneRendering.cpp, RayTracingInstanceCulling.cpp
[Adaptive Build] Excluded from VulkanRHI unity file: VulkanMemory.cpp
[Adaptive Build] Excluded from Engine unity file: RayTracingGeometryManager.cpp
Executing up to 8 actions based on MaxProcessorCount override
Using Unreal Build Accelerator local executor to run 2 action(s)
  Storage capacity 40Gb
---- Starting trace ----
UbaSessionServer - Disable remote execution (remote sessions will finish current processes)
------ Building 2 action(s) started ------
[1/2] Compile Module.Carla.12.cpp
In file included from /mnt/simulations/carla/Unreal/CarlaUnreal/Plugins/Carla/Intermediate/Build/Linux/x64/UnrealEditor/Development/Carla/Module.Carla.12.cpp:50:
/mnt/simulations/carla/Unreal/CarlaUnreal/Plugins/Carla/Source/Carla/Server/CarlaServer.cpp:501:46: warning: 'GetNamesOfAllActors' is deprecated: This command no longer makes sense since the apply_textures API relies on IDs. [-Wdeprecated-declarations]
  501 |     TArray<FString> NamesFString = GameMode->GetNamesOfAllActors();
      |                                              ^
/mnt/simulations/carla/Unreal/CarlaUnreal/Plugins/Carla/Source/Carla/Game/CarlaGameModeBase.h:118:5: note: 'GetNamesOfAllActors' has been explicitly marked deprecated here
  118 |   [[deprecated("This command no longer makes sense since the apply_textures API relies on IDs.")]]
      |     ^
1 warning generated.
[2/2] Link (lld) libUnrealEditor-Carla.so (UBA disabled)
Trace file written to /mnt/simulations/UnrealEngine5_carla/Engine/Programs/UnrealBuildTool/Log.uba with size 16.7kb
Total time in Unreal Build Accelerator local executor: 270.07 seconds
Total execution time: 273.29 seconds
