Collecting fastapi
  Downloading fastapi-0.141.1-py3-none-any.whl (131 kB)
     ━━━━━━━━━━━━━━━━━━━━━━━━━━━━━━━━━━━━━━━ 132.0/132.0 KB 5.1 MB/s eta 0:00:00
Collecting uvicorn
  Downloading uvicorn-0.52.4-py3-none-any.whl (79 kB)
     ━━━━━━━━━━━━━━━━━━━━━━━━━━━━━━━━━━━━━━━━ 79.9/79.9 KB 11.2 MB/s eta 0:00:00
Collecting pillow
  Downloading pillow-12.3.0-cp310-cp310-manylinux_2_27_x86_64.manylinux_2_28_x86_64.whl (6.9 MB)
     ━━━━━━━━━━━━━━━━━━━━━━━━━━━━━━━━━━━━━━━━ 6.9/6.9 MB 39.3 MB/s eta 0:00:00
Collecting numpy==1.26.4
  Downloading numpy-1.26.4-cp310-cp310-manylinux_2_17_x86_64.manylinux2014_x86_64.whl (18.2 MB)
     ━━━━━━━━━━━━━━━━━━━━━━━━━━━━━━━━━━━━━━━━ 18.2/18.2 MB 69.7 MB/s eta 0:00:00
Collecting networkx
  Downloading networkx-3.4.2-py3-none-any.whl (1.7 MB)
     ━━━━━━━━━━━━━━━━━━━━━━━━━━━━━━━━━━━━━━━━ 1.7/1.7 MB 70.2 MB/s eta 0:00:00
Collecting scipy
  Downloading scipy-1.15.3-cp310-cp310-manylinux_2_17_x86_64.manylinux2014_x86_64.whl (37.7 MB)
     ━━━━━━━━━━━━━━━━━━━━━━━━━━━━━━━━━━━━━━━━ 37.7/37.7 MB 53.2 MB/s eta 0:00:00
Collecting pytest
  Downloading pytest-9.1.1-py3-none-any.whl (386 kB)
     ━━━━━━━━━━━━━━━━━━━━━━━━━━━━━━━━━━━━━━ 386.5/386.5 KB 42.9 MB/s eta 0:00:00
Collecting httpx
  Downloading httpx-0.28.1-py3-none-any.whl (73 kB)
     ━━━━━━━━━━━━━━━━━━━━━━━━━━━━━━━━━━━━━━━━ 73.5/73.5 KB 12.1 MB/s eta 0:00:00
Collecting starlette>=0.46.0
  Downloading starlette-1.6.0-py3-none-any.whl (75 kB)
     ━━━━━━━━━━━━━━━━━━━━━━━━━━━━━━━━━━━━━━━━ 76.0/76.0 KB 11.0 MB/s eta 0:00:00
Collecting typing-inspection>=0.4.2
  Downloading typing_inspection-0.4.4-py3-none-any.whl (14 kB)
Collecting typing-extensions>=4.8.0
  Downloading typing_extensions-4.16.0-py3-none-any.whl (45 kB)
     ━━━━━━━━━━━━━━━━━━━━━━━━━━━━━━━━━━━━━━━━ 45.6/45.6 KB 7.0 MB/s eta 0:00:00
Collecting pydantic>=2.9.0
  Downloading pydantic-2.13.5-py3-none-any.whl (472 kB)
     ━━━━━━━━━━━━━━━━━━━━━━━━━━━━━━━━━━━━━━ 472.6/472.6 KB 43.4 MB/s eta 0:00:00
Collecting annotated-doc>=0.0.2
  Downloading annotated_doc-0.0.5-py3-none-any.whl (5.3 kB)
Collecting h11>=0.8
  Downloading h11-0.16.0-py3-none-any.whl (37 kB)
Collecting click>=7.0
  Downloading click-8.5.0-py3-none-any.whl (125 kB)
     ━━━━━━━━━━━━━━━━━━━━━━━━━━━━━━━━━━━━━━ 125.3/125.3 KB 18.7 MB/s eta 0:00:00
Collecting pygments>=2.7.2
  Downloading pygments-2.21.0-py3-none-any.whl (1.3 MB)
     ━━━━━━━━━━━━━━━━━━━━━━━━━━━━━━━━━━━━━━━━ 1.3/1.3 MB 75.5 MB/s eta 0:00:00
Collecting exceptiongroup>=1
  Downloading exceptiongroup-1.3.1-py3-none-any.whl (16 kB)
Collecting packaging>=22
  Using cached packaging-26.3-py3-none-any.whl (129 kB)
Collecting pluggy<2,>=1.5
  Downloading pluggy-1.6.0-py3-none-any.whl (20 kB)
Collecting tomli>=1
  Downloading tomli-2.4.1-py3-none-any.whl (14 kB)
Collecting iniconfig>=1.0.1
  Downloading iniconfig-2.3.0-py3-none-any.whl (7.5 kB)
Collecting anyio
  Downloading anyio-4.15.1-py3-none-any.whl (132 kB)
     ━━━━━━━━━━━━━━━━━━━━━━━━━━━━━━━━━━━━━━ 132.1/132.1 KB 11.9 MB/s eta 0:00:00
Collecting httpcore==1.*
  Downloading httpcore-1.0.9-py3-none-any.whl (78 kB)
     ━━━━━━━━━━━━━━━━━━━━━━━━━━━━━━━━━━━━━━━━ 78.8/78.8 KB 10.4 MB/s eta 0:00:00
Collecting certifi
  Downloading certifi-2026.7.22-py3-none-any.whl (136 kB)
     ━━━━━━━━━━━━━━━━━━━━━━━━━━━━━━━━━━━━━━ 137.0/137.0 KB 20.4 MB/s eta 0:00:00
Collecting idna
  Downloading idna-3.19-py3-none-any.whl (68 kB)
     ━━━━━━━━━━━━━━━━━━━━━━━━━━━━━━━━━━━━━━━━ 68.5/68.5 KB 10.1 MB/s eta 0:00:00
Collecting pydantic-core==2.46.5
  Downloading pydantic_core-2.46.5-cp310-cp310-manylinux_2_17_x86_64.manylinux2014_x86_64.whl (2.1 MB)
     ━━━━━━━━━━━━━━━━━━━━━━━━━━━━━━━━━━━━━━━━ 2.1/2.1 MB 80.6 MB/s eta 0:00:00
Collecting annotated-types>=0.6.0
  Downloading annotated_types-0.8.0-py3-none-any.whl (13 kB)
Installing collected packages: typing-extensions, tomli, pygments, pluggy, pillow, packaging, numpy, networkx, iniconfig, idna, h11, click, certifi, annotated-types, annotated-doc, uvicorn, typing-inspection, scipy, pydantic-core, httpcore, exceptiongroup, pytest, pydantic, anyio, starlette, httpx, fastapi
Successfully installed annotated-doc-0.0.5 annotated-types-0.8.0 anyio-4.15.1 certifi-2026.7.22 click-8.5.0 exceptiongroup-1.3.1 fastapi-0.141.1 h11-0.16.0 httpcore-1.0.9 httpx-0.28.1 idna-3.19 iniconfig-2.3.0 networkx-3.4.2 numpy-1.26.4 packaging-26.3 pillow-12.3.0 pluggy-1.6.0 pydantic-2.13.5 pydantic-core-2.46.5 pygments-2.21.0 pytest-9.1.1 scipy-1.15.3 starlette-1.6.0 tomli-2.4.1 typing-extensions-4.16.0 typing-inspection-0.4.4 uvicorn-0.52.4
