{
  "topology": {
    "vehicle_heads": 43,
    "pedestrian_heads": 19
  },
  "camera_images": {
    "off": [
      "/mnt/simulations/control-center/data/movement-verification/worker-0-arrows-off.png",
      "/mnt/simulations/control-center/data/movement-verification/worker-1-arrows-off.png",
      "/mnt/simulations/control-center/data/movement-verification/worker-2-arrows-off.png",
      "/mnt/simulations/control-center/data/movement-verification/worker-3-arrows-off.png"
    ],
    "on": [
      "/mnt/simulations/control-center/data/movement-verification/worker-0-arrows-on.png",
      "/mnt/simulations/control-center/data/movement-verification/worker-1-arrows-on.png",
      "/mnt/simulations/control-center/data/movement-verification/worker-2-arrows-on.png",
      "/mnt/simulations/control-center/data/movement-verification/worker-3-arrows-on.png"
    ]
  },
  "camera_pixel_checks": [
    {
      "stream": 0,
      "yellow_on": 19,
      "yellow_off": 0,
      "protected_green": 52
    },
    {
      "stream": 1,
      "yellow_on": 16,
      "yellow_off": 0,
      "protected_green": 58
    },
    {
      "stream": 2,
      "yellow_on": 20,
      "yellow_off": 0,
      "protected_green": 40
    },
    {
      "stream": 3,
      "yellow_on": 21,
      "yellow_off": 0,
      "protected_green": 52
    }
  ],
  "recording": {
    "id": "20260908-150503-323c34",
    "frames": 24,
    "native_movement_packets": 24,
    "ros_messages": 24,
    "exact_words_and_timestamps": true,
    "original_ego_sensors": 5
  },
  "result": "passed"
}
