Setting up bundled DotNet SDK
Building ShaderCompileWorker...
Log file: /mnt/simulations/UnrealEngine5_carla/Engine/Programs/UnrealBuildTool/Log.txt
Using 'git status' to determine working set for adaptive non-unity build (/mnt/simulations/UnrealEngine5_carla).
Target is up to date
Total execution time: 2.58 seconds
Running command : dotnet Engine/Binaries/DotNET/UnrealBuildTool/UnrealBuildTool.dll CarlaUnrealEditor Linux Development -project=/mnt/simulations/carla/Unreal/CarlaUnreal/CarlaUnreal.uproject -buildscw -WaitMutex
Log file: /mnt/simulations/UnrealEngine5_carla/Engine/Programs/UnrealBuildTool/Log.txt
Using 'git status' to determine working set for adaptive non-unity build (/mnt/simulations/UnrealEngine5_carla).
Building CarlaUnrealEditor...
[Adaptive Build] Excluded from Renderer unity file: DeferredShadingRenderer.cpp, SceneRendering.cpp, RayTracingInstanceCulling.cpp
[Adaptive Build] Excluded from Engine unity file: RayTracingGeometryManager.cpp
Executing up to 24 actions based on MaxProcessorCount override
Using Unreal Build Accelerator local executor to run 7 action(s)
  Storage capacity 40Gb
---- Starting trace ----
UbaSessionServer - Disable remote execution (remote sessions will finish current processes)
------ Building 7 action(s) started ------
[1/7] WriteMetadata UnrealEditor.version (CarlaUnrealEditor) (UBA disabled)
[2/7] Link (lld) libUnrealEditor-Carla.so (UBA disabled)
[3/7] Link (lld) libUnrealEditor-CarlaUnreal.so (UBA disabled)
[4/7] Link (lld) libUnrealEditor-StreetMapRuntime.so (UBA disabled)
[5/7] Link (lld) libUnrealEditor-StreetMapImporting.so (UBA disabled)
[6/7] Link (lld) libUnrealEditor-CarlaTools.so (UBA disabled)
[7/7] WriteMetadata CarlaUnrealEditor.target (UBA disabled)
Trace file written to /mnt/simulations/UnrealEngine5_carla/Engine/Programs/UnrealBuildTool/Log.uba with size 3.0kb
Total time in Unreal Build Accelerator local executor: 18.31 seconds
Total execution time: 21.65 seconds
