Log file open, 09/08/26 10:07:09
LogICUInternationalization: OS requested locale 'en_US' is not supported. Using the OS requested language of 'en-US' as the locale.
LogICUInternationalization: ICU TimeZone Detection - Raw Offset: -5:00, Platform Override: ''
LogConfig: No local boot hotfix file found at: [/home/william/.config/Epic/CrashReportClient/Saved/PersistentDownloadDir/HotfixForNextBoot.txt]
LogInit: ExecutableName: CrashReportClientEditor
LogInit: Build: UE5-CL-0
LogInit: Platform=Linux
LogInit: MachineId=178760b60dd744c4bf6f26b000267069-000003e9
LogInit: DeviceId=
LogInit: Engine Version: 5.5.4-0+UE5
LogInit: Compatible Engine Version: 5.5.0-0+UE5
LogInit: Net CL: 0
LogInit: OS: Ubuntu 22.04.5 LTS (5.15.0-190-generic), CPU: Intel(R) Xeon(R) CPU E5-2690 v4 @ 2.60GHz, GPU: NVIDIA GeForce RTX 2080 Ti (NVIDIA UNIX x86_64 Kernel Module  570.211.01  Tue Nov 25 16:36:36 UTC 2025)
LogInit: Compiled (64-bit): Sep  7 2026 13:24:35
LogInit: Architecture: x64
LogInit: Compiled with Clang: 18.1.0rc (github.com/llvm/llvm-project 461274b81d8641eab64d494accddc81d7db8a09e)
LogInit: Build Configuration: Shipping
LogInit: Branch Name: UE5
LogInit: Command Line:  -Abslog="/mnt/simulations/control-center/data/weather-asset-inspection-CRC.log" -Unattended "/mnt/simulations/carla/Unreal/CarlaUnreal/Saved/Crashes/crashinfo-CarlaUnreal-pid-2628808-74ECA95AE35A4236B206A97CB7987F71/"
LogInit: Base Directory: /mnt/simulations/UnrealEngine5_carla/Engine/Binaries/Linux/
LogInit: Allocator: Mimalloc
LogInit: Installed Engine Build: 1
LogInit: This binary is optimized with LTO: no, PGO: no, instrumented for PGO data collection: no
LogInit: Presizing for max 2097152 objects, including 1 objects not considered by GC.
LogInit: Object subsystem initialized
LogConfig: Applying CVar settings from Section [ConsoleVariables] File [Engine]
LogConfig: Set CVar [[memory.MemoryPressureCriticalThresholdMB:512]]
[2026.09.08-14.07.09:646][  0]LogInit: Unix hardware info:
[2026.09.08-14.07.09:646][  0]LogInit:  - we are the first instance of this executable
[2026.09.08-14.07.09:646][  0]LogInit:  - this process' id (pid) is 2635392, parent process' id (ppid) is 2628808
[2026.09.08-14.07.09:646][  0]LogInit:  - we are not running under debugger
[2026.09.08-14.07.09:646][  0]LogInit:  - machine network name is 'ganesh'
[2026.09.08-14.07.09:647][  0]LogInit:  - user name is 'william' (william)
[2026.09.08-14.07.09:647][  0]LogInit:  - we're logged in locally
[2026.09.08-14.07.09:647][  0]LogInit:  - we're running with rendering
[2026.09.08-14.07.09:647][  0]LogInit:  - CPU: GenuineIntel 'Intel(R) Xeon(R) CPU E5-2690 v4 @ 2.60GHz' (signature: 0x406F1)
[2026.09.08-14.07.09:647][  0]LogInit:  - Number of physical cores available for the process: 14
[2026.09.08-14.07.09:647][  0]LogInit:  - Number of logical cores available for the process: 28
[2026.09.08-14.07.09:647][  0]LogInit:  - GPU Brand Info: NVIDIA GeForce RTX 2080 Ti (NVIDIA UNIX x86_64 Kernel Module  570.211.01  Tue Nov 25 16:36:36 UTC 2025)
[2026.09.08-14.07.09:647][  0]LogInit:  - Memory allocator used: Mimalloc
[2026.09.08-14.07.09:647][  0]LogInit:  - This is an internal build.
[2026.09.08-14.07.09:647][  0]LogCore: Skipped benchmarking clocks because the engine is running in a standalone program mode - CLOCK_MONOTONIC will be used.
[2026.09.08-14.07.09:647][  0]LogInit: Unix-specific commandline switches:
[2026.09.08-14.07.09:647][  0]LogInit:  -ansimalloc - use malloc()/free() from libc (useful for tools like valgrind and electric fence)
[2026.09.08-14.07.09:647][  0]LogInit:  -jemalloc - use jemalloc for all memory allocation
[2026.09.08-14.07.09:647][  0]LogInit:  -binnedmalloc - use binned malloc  for all memory allocation
[2026.09.08-14.07.09:647][  0]LogInit:  -filemapcachesize=NUMBER - set the size for case-sensitive file mapping cache
[2026.09.08-14.07.09:647][  0]LogInit:  -useksm - uses kernel same-page mapping (KSM) for mapped memory (OFF)
[2026.09.08-14.07.09:647][  0]LogInit:  -ksmmergeall - marks all mmap'd memory pages suitable for KSM (OFF)
[2026.09.08-14.07.09:647][  0]LogInit:  -preloadmodulesymbols - Loads the main module symbols file into memory (OFF)
[2026.09.08-14.07.09:647][  0]LogInit:  -sigdfl=SIGNAL - Allows a specific signal to be set to its default handler rather then ignoring the signal
[2026.09.08-14.07.09:647][  0]LogInit:  -crashhandlerstacksize - Allows setting crash handler stack sizes (204800)
[2026.09.08-14.07.09:647][  0]LogInit:  -noexclusivelockonwrite - disables marking files created by the engine as exclusive locked while the engine has them opened
[2026.09.08-14.07.09:647][  0]LogInit:  -httpproxy=ADDRESS:PORT - redirects HTTP requests to a proxy (only supported if compiled with libcurl)
[2026.09.08-14.07.09:647][  0]LogInit:  -reuseconn - allow libcurl to reuse HTTP connections (only matters if compiled with libcurl)
[2026.09.08-14.07.09:647][  0]LogInit:  -virtmemkb=NUMBER - sets process virtual memory (address space) limit (overrides VirtualMemoryLimitInKB value from .ini)
[2026.09.08-14.07.09:648][  0]LogInit:  -allowsyscallfilterfile=PATH_TO_FILE - sets up a system call filter allow list. any invalid syscall in this list *will* cause a crash
[2026.09.08-14.07.09:648][  0]LogInit:  - Physical RAM available (not considering process quota): 126 GB (128712 MB, 131801188 KB, 134964416512 bytes)
[2026.09.08-14.07.09:648][  0]LogInit:  - VirtualMemoryAllocator pools will grow at scale 1
[2026.09.08-14.07.09:648][  0]LogInit:  - MemoryRangeDecommit() will be a no-op (re-run with -vmapoolevict to change)
[2026.09.08-14.07.09:648][  0]LogInit:  - PageSize 4096
[2026.09.08-14.07.09:648][  0]LogInit:  - BinnedPageSize 65536
[2026.09.08-14.07.09:651][  0]LogUObjectArray: 547 objects as part of root set at end of initial load.
[2026.09.08-14.07.09:651][  0]LogUObjectArray: 0 objects are not in the root set, but can never be destroyed because they are in the DisregardForGC set.
[2026.09.08-14.07.09:651][  0]LogUObjectArray: CloseDisregardForGC: 547/547 objects in disregard for GC pool
[2026.09.08-14.07.09:652][  0]LogInit: Using OS detected language (en-US).
[2026.09.08-14.07.09:652][  0]LogInit: Using OS detected locale (en-US).
[2026.09.08-14.07.09:652][  0]LogTextLocalizationManager: No specific localization for 'en-US' exists, so 'en' will be used for the language.
[2026.09.08-14.07.09:712][  0]LogInit: Using OS detected language (en-US).
[2026.09.08-14.07.09:712][  0]LogInit: Using OS detected locale (en-US).
[2026.09.08-14.07.09:712][  0]LogTextLocalizationManager: No localization for 'en-US' exists, so 'en' will be used for the language.
[2026.09.08-14.07.09:712][  0]LogTextLocalizationManager: No localization for 'en-US' exists, so 'en' will be used for the locale.
[2026.09.08-14.07.09:712][  0]LogPackageLocalizationCache: Processed 2 localized package path(s) for 1 prioritized culture(s) in 0.000040 seconds
[2026.09.08-14.07.09:714][  0]CrashReportCoreLog: Display: Applying project settings from '/mnt/simulations/carla/Unreal/CarlaUnreal/Saved/Crashes/crashinfo-CarlaUnreal-pid-2628808-74ECA95AE35A4236B206A97CB7987F71/CrashReportClient.ini'.
[2026.09.08-14.07.09:714][  0]CrashReportCoreLog: CrashReportClientVersion=1.0
[2026.09.08-14.07.09:714][  0]CrashReportCoreLog: CrashReportReceiver disabled
[2026.09.08-14.07.09:714][  0]CrashReportCoreLog: DataRouter disabled
[2026.09.08-14.07.09:714][  0]CrashReportCoreLog: Initial state = Unknown UploadState value
[2026.09.08-14.07.09:714][  0]CrashReportCoreLog: Initial state = Unknown UploadState value
[2026.09.08-14.07.09:715][  0]LogCrashDebugHelper: DepotName: UE5
[2026.09.08-14.07.09:715][  0]LogCrashDebugHelper: BuiltFromCL: 0
[2026.09.08-14.07.09:715][  0]LogCrashDebugHelper: EngineVersion: 5.5.4-0+UE5
[2026.09.08-14.07.09:715][  0]LogCrashDebugHelper: BuildVersion: UE5-CL-0
[2026.09.08-14.07.10:747][  0]CrashReportCoreLog: Final state (Receiver) = Unknown UploadState value
[2026.09.08-14.07.10:747][  0]CrashReportCoreLog: Final state (Receiver) = Unknown UploadState value
[2026.09.08-14.07.10:747][  0]LogCore: Engine exit requested (reason: CrashReportClientApp RequestExit)
[2026.09.08-14.07.10:747][  0]LogExit: Preparing to exit.
[2026.09.08-14.07.10:753][  0]LogExit: Object subsystem successfully closed.
[2026.09.08-14.07.10:753][  0]LogPakFile: Destroying PakPlatformFile
[2026.09.08-14.07.10:753][  0]LogExit: Exiting.
[2026.09.08-14.07.10:765][  0]Log file closed, 09/08/26 10:07:10
